192.168.1.1 - - [21/Apr/2026:10:23:45 +0000] "GET /../etc/passwd HTTP/1.1" 404 512
10.0.0.1 - - [21/Apr/2026:10:24:01 +0000] "GET /admin HTTP/1.1" 200 1024
192.168.1.2 - - [21/Apr/2026:10:24:15 +0000] "GET /index.html HTTP/1.1" 200 2048
10.0.0.2 - - [21/Apr/2026:10:24:30 +0000] "GET /search?q=SELECT * FROM users HTTP/1.1" 200 512